// Jest Snapshot v1, https://goo.gl/fbAQLP

exports[`check IconButton component check expect match snapshot 1`] = `
<button
  className="MuiButtonBase-root-27 MuiButton-root-1 MuiButton-contained-12 MuiButton-containedSecondary-14 MuiButton-raised-15 MuiButton-raisedSecondary-17"
  disabled={false}
  onBlur={[Function]}
  onClick={[Function]}
  onContextMenu={[Function]}
  onFocus={[Function]}
  onKeyDown={[Function]}
  onKeyUp={[Function]}
  onMouseDown={[Function]}
  onMouseLeave={[Function]}
  onMouseUp={[Function]}
  onTouchEnd={[Function]}
  onTouchMove={[Function]}
  onTouchStart={[Function]}
  tabIndex="0"
  type="button"
>
  <span
    className="MuiButton-label-2"
  >
    <span
      aria-hidden="true"
      className="material-icons MuiIcon-root-30 MuiIcon-fontSizeSmall-37"
    >
      keyboard_arrow_left
    </span>
  </span>
  <span
    className="MuiTouchRipple-root-39"
  />
</button>
`;
