// Jest Snapshot v1, https://goo.gl/fbAQLP

exports[`check App check expect match snapshot 1`] = `
<div
  className="App"
>
  <Connect(Sidebar) />
  <Connect(Map) />
</div>
`;
